## 0.6.0
- Files: browse the server folder, upload (also by drag & drop, with progress), download (folders as zip), rename/move, copy, zip, unzip, new folder, delete to a 7-day trash
- Edit text files in the panel with line numbers; the world folder is read-only while the server runs
- Configs: every file in config/, grouped by mod, with a syntax check before saving (JSON, JSON5, TOML, YAML, properties) that points to the line of the problem; simple files also as a form (switches, numbers, text), keeping comments and layout; the previous version stays as .bak
- SFTP on port 2022 with the panel accounts: password or SSH keys (added under Account), read-only without write permission, can't leave the server folder, uploads/renames/deletes in the audit log
- Log cleanup: delete old files in logs, crash-reports and debug by age, with a preview; runs daily after 05:00
- New permissions: browse/download files, change files, edit mod configs (only config/), SFTP

## 0.5.0
- Backups: zip files of the server folder, made while the server runs (saving pauses for the copy, so the world is consistent); region files are stored as they are, the rest is compressed quickly
- Leave folders and files out with patterns (logs, caches, map renders, …), keep the newest N plus one per day and per week, pin backups to keep them forever
- Download backups, and restore all or only chosen folders/files while the server is stopped (a safety backup is made first)
- Scheduled tasks: at set times on chosen weekdays or every few minutes; steps: restart after a countdown in chat, stop, start, backup, console command, chat message, wait
- Templates for a daily restart at 04:00 (backup first, 5-minute countdown) and a backup every 6 hours; run any task now
- New permissions: see/download backups, make backups, restore/delete/pin backups and change backup settings; Moderators may see and make backups
- TIMEZONE (e.g. Europe/Berlin) for schedules and backup names

## 0.4.0
- Dashboard tab: the Nice Control Center mod's full dashboard (performance, world, players, server, data packs, updates, schedule, reports) inside the panel, with the panel's accounts
- New permissions for it: see the dashboard, manage players, change server settings (server.properties, game rules, data pack settings), manage updates, edit scheduled commands; Moderator and Viewer get sensible defaults
- Every change made in the dashboard goes to the audit log
- Installs the Nice Control Center mod for the server's Minecraft version and keeps it up to date before each start (can be switched off under Startup & Java)
- PANEL_PUBLIC_URL: /ncc web in the game links to the panel's Dashboard tab

## 0.3.0
- User accounts in Postgres (DB_URL, DB_USER, DB_PASS); the panel creates and updates its tables itself
- Roles with permissions: Admin (everything), Moderator and Viewer built in and adjustable, plus your own roles
- Permissions per action: see the server, power actions, read and run console commands, change Java settings, manage users, read the audit log; the UI only shows what an account may do
- Audit log of logins (also failed ones), server actions, console commands, settings changes and account changes, with search
- Change your own password; changing, disabling or deleting an account logs it out everywhere at once
- Sessions are kept in the database (survive panel restarts); passwords are Argon2id hashes
- The container admin (PANEL_ADMIN_USER / PANEL_ADMIN_PASSWORD) can always log in, also while the database is down
- Tabs: Console, Startup & Java, Users, Audit log, Account

## 0.2.0
- Runs the Minecraft server: start, stop, restart and kill, with the state, uptime and PID in the header
- Live console over a WebSocket, with search and a command line
- Crash detection (unexpected exit, crash report name) and automatic restart after 10 s, 30 s, 2 min, then 10 min; gives up after 5 crashes in 15 minutes
- Starts the server when the panel starts, and stops it cleanly when the container stops
- Startup & Java settings: memory, garbage collector flags (Aikar's G1 or generational ZGC), extra flags, Java runtime and server jar, with a preview of the command line
- EULA prompt before the first start
- Login for one admin (PANEL_ADMIN_USER / PANEL_ADMIN_PASSWORD, or a generated password printed once in the log)

## 0.1.0
- First skeleton: the panel starts in Docker, serves its start page in the dashboard's style and answers a health check
